This is LuaHBTeX, Version 1.18.0 (TeX Live 2025/dev/Debian)  (format=lualatex 2025.9.29)  26 JAN 2026 14:38
 system commands enabled.
**/home/fai/fai-notes/posts/nanoparticle-synthesis/classical-nucleation-theory/
references.bib

(/home/fai/fai-notes/posts/nanoparticle-synthesis/classical-nucleation-theory/r
eferences.bib
LaTeX2e <2024-11-01> patch level 2
L3 programming layer <2025-01-18>
Lua module: luaotfload 2024-12-03 v3.29 Lua based OpenType font support
Lua module: lualibs 2023-07-13 v2.76 ConTeXt Lua standard libraries.
Lua module: lualibs-extended 2023-07-13 v2.76 ConTeXt Lua libraries -- extended 
collection.
luaotfload | conf : Root cache directory is "/home/fai/.texlive2025/texmf-var/lu
atex-cache/generic/names".
luaotfload | init : Loading fontloader "fontloader-2023-12-28.lua" from kpse-res
olved path "/usr/share/texlive/texmf-dist/tex/luatex/luaotfload/fontloader-2023-
12-28.lua".
Lua-only attribute luaotfload@noligature = 1
luaotfload | init : Context OpenType loader version 3.134
Inserting `luaotfload.node_processor' in `pre_linebreak_filter'.
Inserting `luaotfload.node_processor' in `hpack_filter'.
Inserting `luaotfload.glyph_stream' in `glyph_stream_provider'.
Inserting `luaotfload.define_font' in `define_font'.
Lua-only attribute luaotfload_color_attribute = 2
luaotfload | conf : Root cache directory is "/home/fai/.texlive2025/texmf-var/lu
atex-cache/generic/names".
Inserting `luaotfload.harf.strip_prefix' in `find_opentype_file'.
Inserting `luaotfload.harf.strip_prefix' in `find_truetype_file'.
Removing  `luaotfload.glyph_stream' from `glyph_stream_provider'.
Inserting `luaotfload.harf.glyphstream' in `glyph_stream_provider'.
Inserting `luaotfload.harf.finalize_vlist' in `post_linebreak_filter'.
Inserting `luaotfload.harf.finalize_hlist' in `hpack_filter'.
Inserting `luaotfload.cleanup_files' in `wrapup_run'.
Inserting `luaotfload.harf.finalize_unicode' in `finish_pdffile'.
Inserting `luaotfload.glyphinfo' in `glyph_info'.
Lua-only attribute luaotfload.letterspace_done = 3
Inserting `luaotfload.aux.set_sscale_dimens' in `luaotfload.patch_font'.
Inserting `luaotfload.aux.set_font_index' in `luaotfload.patch_font'.
Inserting `luaotfload.aux.patch_cambria_domh' in `luaotfload.patch_font'.
Inserting `luaotfload.aux.fixup_fontdata' in `luaotfload.patch_font_unsafe'.
Inserting `luaotfload.aux.set_capheight' in `luaotfload.patch_font'.
Inserting `luaotfload.aux.set_xheight' in `luaotfload.patch_font'.
Inserting `luaotfload.rewrite_fontname' in `luaotfload.patch_font'.
Inserting `tracingstacklevels' in `input_level_string'.

! LaTeX Error: Missing \begin{document}.

See the LaTeX manual or LaTeX Companion for explanation.
Type  H <return>  for immediate help.
 ...                                              
                                                  
l.1 @
   article{LaMer1950,
You're in trouble here.  Try typing  <return>  to proceed.
If that doesn't work, type  X <return>  to quit.


Overfull \hbox (20.0pt too wide) in paragraph at lines 1--12
[]@articleLaMer1950,
 []


! LaTeX Error: Missing \begin{document}.

See the LaTeX manual or LaTeX Companion for explanation.
Type  H <return>  for immediate help.
 ...                                              
                                                  
l.13 @
    article{Sear2007,
You're in trouble here.  Try typing  <return>  to proceed.
If that doesn't work, type  X <return>  to quit.


Overfull \hbox (20.0pt too wide) in paragraph at lines 13--24
[]@articleSear2007,
 []


! LaTeX Error: Missing \begin{document}.

See the LaTeX manual or LaTeX Companion for explanation.
Type  H <return>  for immediate help.
 ...                                              
                                                  
l.25 @
    article{Sear2014,
You're in trouble here.  Try typing  <return>  to proceed.
If that doesn't work, type  X <return>  to quit.

LaTeX Font Info:    Trying to load font information for OT1+lmr on input line 5
7.
(/usr/share/texmf/tex/latex/lm/ot1lmr.fd
File: ot1lmr.fd 2015/05/01 v1.6.1 Font defs for Latin Modern
)
! Missing $ inserted.
<inserted text> 
$
l.65 	doi = "10.1007/978-94-015-9179-9_
                                     14",
I've inserted a begin-math/end-math symbol since I think
you left one out. Proceed, with fingers crossed.

LaTeX Font Info:    External font `cmex10' loaded for size
(Font)              <7> on input line 65.
LaTeX Font Info:    External font `cmex10' loaded for size
(Font)              <5> on input line 65.
! Extra }, or forgotten $.
l.67 }
    
I've deleted a group-closing symbol because it seems to be
spurious, as in `$x}$'. But perhaps the } is legitimate and
you forgot something else, as in `\hbox{$x}'. In such cases
the way to recover is to insert both the forgotten and the
deleted material, e.g., by typing `I$}'.

! Missing $ inserted.
<inserted text> 
$
l.68 
   
I've inserted a begin-math/end-math symbol since I think
you left one out. Proceed, with fingers crossed.


Overfull \hbox (20.0pt too wide) in paragraph at lines 25--68
[]@articleSear2014,
 []


Overfull \hbox (5.0pt too wide) in paragraph at lines 25--68
Bj\OT1/lmr/m/n/10 \nullfont rn
 []


Overfull \hbox (43.1806pt too wide) in paragraph at lines 25--68
9$[][]\OT1/cmr/m/n/10 4"\OML/cmm/m/it/10 ; url \OT1/cmr/m/n/10 =
 []


Overfull \hbox (33.25807pt too wide) in paragraph at lines 25--68
\OT1/cmr/m/n/10 "\OML/cmm/m/it/10 https \OT1/cmr/m/n/10 :
 []


Overfull \hbox (106.59586pt too wide) in paragraph at lines 25--68
\OML/cmm/m/it/10 ==doi:org=\OT1/cmr/m/n/10 10\OML/cmm/m/it/10 :\OT1/cmr/m/n/10 
1007\OML/cmm/m/it/10 =\OT1/cmr/m/n/10 978 \OMS/cmsy/m/n/10 ^^@
 []


Overfull \hbox (17.77783pt too wide) in paragraph at lines 25--68
\OT1/cmr/m/n/10 94 \OMS/cmsy/m/n/10 ^^@
 []


Overfull \hbox (22.77785pt too wide) in paragraph at lines 25--68
\OT1/cmr/m/n/10 015 \OMS/cmsy/m/n/10 ^^@
 []


Overfull \hbox (27.77786pt too wide) in paragraph at lines 25--68
\OT1/cmr/m/n/10 9179 \OMS/cmsy/m/n/10 ^^@
 []


Overfull \hbox (22.26396pt too wide) in paragraph at lines 25--68
\OT1/cmr/m/n/10 9[]4"\OML/cmm/m/it/10 ;$ 
 []

)
! Emergency stop.
<*> ...sis/classical-nucleation-theory/references.bib
                                                  
*** (job aborted, no legal \end found)



Here is how much of LuaTeX's memory you used:
 57 strings out of 475512
 100000,552014 words of node,token memory allocated 13431 words of node memory still in use:
   22 hlist, 19 disc, 3 local_par, 1 dir, 2 math, 280 glue, 7 kern, 14 penalty, 
1495 glyph, 56 attribute, 39 glue_spec, 56 attribute_list nodes
   avail lists: 2:8,3:45,4:125,5:2,7:180,8:54,10:124
 23175 multiletter control sequences out of 65536+600000
 25 fonts using 1296047 bytes
 22i,1n,26p,221b,100s stack positions out of 10000i,1000n,20000p,200000b,200000s
!  ==> Fatal error occurred, no output PDF file produced!
